RuntimeError:Too few arguments provided to dfa "main"
